0 verbose cli /usr/bin/node /usr/lib/node_modules/npm/bin/npm-cli.js
1 info using npm@10.9.1
2 info using node@v22.23.2
3 silly config load:file:/usr/lib/node_modules/npm/npmrc
4 silly config load:file:/home/.npmrc
5 silly config load:file:/etc/npmrc
6 verbose title npm exec localtunnel --port 8080
7 verbose argv "exec" "--" "localtunnel" "--port" "8080"
8 verbose logfile logs-max:10 dir:/home/.npm/_logs/2026-08-08T07_35_10_255Z-
9 verbose logfile /home/.npm/_logs/2026-08-08T07_35_10_255Z-debug-0.log
10 silly logfile done cleaning log files
11 silly packumentCache heap:2197815296 maxSize:549453824 maxEntrySize:274726912
12 http fetch GET 200 https://registry.npmjs.org/localtunnel 282ms (cache revalidated)
13 silly packumentCache heap:2197815296 maxSize:549453824 maxEntrySize:274726912
14 silly packumentCache heap:2197815296 maxSize:549453824 maxEntrySize:274726912
15 verbose cwd /home
16 verbose os Linux 4.14.180-perf-g98d7380da210
17 verbose node v22.23.2
18 verbose npm  v10.9.1
19 verbose exit 0
20 info ok
