0 verbose cli /usr/bin/node /usr/lib/node_modules/npm/bin/npm-cli.js
1 info using npm@10.9.1
2 info using node@v22.23.2
3 silly config load:file:/usr/lib/node_modules/npm/npmrc
4 silly config load:file:/home/.npmrc
5 silly config load:file:/etc/npmrc
6 verbose title npm exec localtunnel --port 8080
7 verbose argv "exec" "--" "localtunnel" "--port" "8080"
8 verbose logfile logs-max:10 dir:/home/.npm/_logs/2026-08-08T07_29_55_328Z-
9 verbose logfile /home/.npm/_logs/2026-08-08T07_29_55_328Z-debug-0.log
10 silly logfile done cleaning log files
11 silly packumentCache heap:2197815296 maxSize:549453824 maxEntrySize:274726912
12 http fetch GET 200 https://registry.npmjs.org/localtunnel 292ms (cache miss)
13 silly packumentCache heap:2197815296 maxSize:549453824 maxEntrySize:274726912
14 silly packumentCache heap:2197815296 maxSize:549453824 maxEntrySize:274726912
15 silly idealTree buildDeps
16 silly fetch manifest localtunnel@2.0.2
17 silly packumentCache full:https://registry.npmjs.org/localtunnel cache-miss
18 http fetch GET 200 https://registry.npmjs.org/localtunnel 97ms (cache miss)
19 silly packumentCache full:https://registry.npmjs.org/localtunnel set size:undefined disposed:false
20 silly placeDep ROOT localtunnel@2.0.2 OK for:  want: 2.0.2
21 silly fetch manifest axios@0.21.4
22 silly packumentCache full:https://registry.npmjs.org/axios cache-miss
23 silly fetch manifest debug@4.3.2
24 silly packumentCache full:https://registry.npmjs.org/debug cache-miss
25 silly fetch manifest openurl@1.1.1
26 silly packumentCache full:https://registry.npmjs.org/openurl cache-miss
27 silly fetch manifest yargs@17.1.1
28 silly packumentCache full:https://registry.npmjs.org/yargs cache-miss
29 http fetch GET 200 https://registry.npmjs.org/axios 124ms (cache miss)
30 silly packumentCache full:https://registry.npmjs.org/axios set size:undefined disposed:false
31 http fetch GET 200 https://registry.npmjs.org/yargs 201ms (cache miss)
32 silly packumentCache full:https://registry.npmjs.org/yargs set size:undefined disposed:false
33 http fetch GET 200 https://registry.npmjs.org/debug 243ms (cache revalidated)
34 silly packumentCache full:https://registry.npmjs.org/debug set size:195840 disposed:false
35 http fetch GET 200 https://registry.npmjs.org/openurl 304ms (cache miss)
36 silly packumentCache full:https://registry.npmjs.org/openurl set size:undefined disposed:false
37 silly placeDep ROOT axios@0.21.4 OK for: localtunnel@2.0.2 want: 0.21.4
38 silly placeDep ROOT debug@4.3.2 OK for: localtunnel@2.0.2 want: 4.3.2
39 silly placeDep ROOT openurl@1.1.1 OK for: localtunnel@2.0.2 want: 1.1.1
40 silly placeDep ROOT yargs@17.1.1 OK for: localtunnel@2.0.2 want: 17.1.1
41 silly fetch manifest follow-redirects@^1.14.0
42 silly packumentCache full:https://registry.npmjs.org/follow-redirects cache-miss
43 silly fetch manifest ms@2.1.2
44 silly packumentCache full:https://registry.npmjs.org/ms cache-miss
45 silly fetch manifest y18n@^5.0.5
46 silly packumentCache full:https://registry.npmjs.org/y18n cache-miss
47 silly fetch manifest cliui@^7.0.2
48 silly packumentCache full:https://registry.npmjs.org/cliui cache-miss
49 silly fetch manifest escalade@^3.1.1
50 silly packumentCache full:https://registry.npmjs.org/escalade cache-miss
51 silly fetch manifest string-width@^4.2.0
52 silly packumentCache full:https://registry.npmjs.org/string-width cache-miss
53 http fetch GET 200 https://registry.npmjs.org/cliui 97ms (cache miss)
54 silly packumentCache full:https://registry.npmjs.org/cliui set size:undefined disposed:false
55 silly fetch manifest yargs-parser@^20.2.2
56 silly packumentCache full:https://registry.npmjs.org/yargs-parser cache-miss
57 http fetch GET 200 https://registry.npmjs.org/follow-redirects 105ms (cache miss)
58 silly packumentCache full:https://registry.npmjs.org/follow-redirects set size:undefined disposed:false
59 silly fetch manifest get-caller-file@^2.0.5
60 silly packumentCache full:https://registry.npmjs.org/get-caller-file cache-miss
61 http fetch GET 200 https://registry.npmjs.org/string-width 115ms (cache miss)
62 silly packumentCache full:https://registry.npmjs.org/string-width set size:undefined disposed:false
63 silly fetch manifest require-directory@^2.1.1
64 silly packumentCache full:https://registry.npmjs.org/require-directory cache-miss
65 http fetch GET 200 https://registry.npmjs.org/y18n 122ms (cache miss)
66 silly packumentCache full:https://registry.npmjs.org/y18n set size:undefined disposed:false
67 http fetch GET 200 https://registry.npmjs.org/ms 186ms (cache revalidated)
68 silly packumentCache full:https://registry.npmjs.org/ms set size:92208 disposed:false
69 http fetch GET 200 https://registry.npmjs.org/require-directory 71ms (cache miss)
70 silly packumentCache full:https://registry.npmjs.org/require-directory set size:undefined disposed:false
71 http fetch GET 200 https://registry.npmjs.org/get-caller-file 85ms (cache miss)
72 silly packumentCache full:https://registry.npmjs.org/get-caller-file set size:undefined disposed:false
73 http fetch GET 200 https://registry.npmjs.org/yargs-parser 98ms (cache miss)
74 silly packumentCache full:https://registry.npmjs.org/yargs-parser set size:undefined disposed:false
75 http fetch GET 200 https://registry.npmjs.org/escalade 225ms (cache revalidated)
76 silly packumentCache full:https://registry.npmjs.org/escalade set size:33724 disposed:false
77 silly placeDep ROOT follow-redirects@1.16.0 OK for: axios@0.21.4 want: ^1.14.0
78 silly placeDep ROOT ms@2.1.2 OK for: debug@4.3.2 want: 2.1.2
79 silly placeDep ROOT cliui@7.0.4 OK for: yargs@17.1.1 want: ^7.0.2
80 silly placeDep ROOT escalade@3.2.0 OK for: yargs@17.1.1 want: ^3.1.1
81 silly placeDep ROOT get-caller-file@2.0.5 OK for: yargs@17.1.1 want: ^2.0.5
82 silly placeDep ROOT require-directory@2.1.1 OK for: yargs@17.1.1 want: ^2.1.1
83 silly placeDep ROOT string-width@4.2.3 OK for: yargs@17.1.1 want: ^4.2.0
84 silly placeDep ROOT y18n@5.0.8 OK for: yargs@17.1.1 want: ^5.0.5
85 silly placeDep ROOT yargs-parser@20.2.9 OK for: yargs@17.1.1 want: ^20.2.2
86 silly fetch manifest wrap-ansi@^7.0.0
87 silly packumentCache full:https://registry.npmjs.org/wrap-ansi cache-miss
88 silly fetch manifest strip-ansi@^6.0.0
89 silly packumentCache full:https://registry.npmjs.org/strip-ansi cache-miss
90 silly fetch manifest strip-ansi@^6.0.1
91 silly packumentCache full:https://registry.npmjs.org/strip-ansi cache-miss
92 silly fetch manifest emoji-regex@^8.0.0
93 silly packumentCache full:https://registry.npmjs.org/emoji-regex cache-miss
94 silly fetch manifest is-fullwidth-code-point@^3.0.0
95 silly packumentCache full:https://registry.npmjs.org/is-fullwidth-code-point cache-miss
96 http fetch GET 200 https://registry.npmjs.org/is-fullwidth-code-point 84ms (cache miss)
97 silly packumentCache full:https://registry.npmjs.org/is-fullwidth-code-point set size:undefined disposed:false
98 http fetch GET 200 https://registry.npmjs.org/strip-ansi 90ms (cache miss)
99 silly packumentCache full:https://registry.npmjs.org/strip-ansi set size:undefined disposed:false
100 http fetch GET 200 https://registry.npmjs.org/strip-ansi 94ms (cache miss)
101 silly packumentCache full:https://registry.npmjs.org/strip-ansi set size:undefined disposed:false
102 http fetch GET 200 https://registry.npmjs.org/emoji-regex 94ms (cache miss)
103 silly packumentCache full:https://registry.npmjs.org/emoji-regex set size:undefined disposed:false
104 http fetch GET 200 https://registry.npmjs.org/wrap-ansi 100ms (cache miss)
105 silly packumentCache full:https://registry.npmjs.org/wrap-ansi set size:undefined disposed:false
106 silly placeDep ROOT strip-ansi@6.0.1 OK for: cliui@7.0.4 want: ^6.0.0
107 silly placeDep ROOT wrap-ansi@7.0.0 OK for: cliui@7.0.4 want: ^7.0.0
108 silly fetch manifest ansi-regex@^5.0.1
109 silly packumentCache full:https://registry.npmjs.org/ansi-regex cache-miss
110 silly fetch manifest ansi-styles@^4.0.0
111 silly packumentCache full:https://registry.npmjs.org/ansi-styles cache-miss
112 http fetch GET 200 https://registry.npmjs.org/ansi-styles 58ms (cache miss)
113 silly packumentCache full:https://registry.npmjs.org/ansi-styles set size:undefined disposed:false
114 http fetch GET 200 https://registry.npmjs.org/ansi-regex 70ms (cache miss)
115 silly packumentCache full:https://registry.npmjs.org/ansi-regex set size:undefined disposed:false
116 silly placeDep ROOT emoji-regex@8.0.0 OK for: string-width@4.2.3 want: ^8.0.0
117 silly placeDep ROOT is-fullwidth-code-point@3.0.0 OK for: string-width@4.2.3 want: ^3.0.0
118 silly placeDep ROOT ansi-regex@5.0.1 OK for: strip-ansi@6.0.1 want: ^5.0.1
119 silly placeDep ROOT ansi-styles@4.3.0 OK for: wrap-ansi@7.0.0 want: ^4.0.0
120 silly fetch manifest color-convert@^2.0.1
121 silly packumentCache full:https://registry.npmjs.org/color-convert cache-miss
122 http fetch GET 200 https://registry.npmjs.org/color-convert 52ms (cache miss)
123 silly packumentCache full:https://registry.npmjs.org/color-convert set size:undefined disposed:false
124 silly placeDep ROOT color-convert@2.0.1 OK for: ansi-styles@4.3.0 want: ^2.0.1
125 silly fetch manifest color-name@~1.1.4
126 silly packumentCache full:https://registry.npmjs.org/color-name cache-miss
127 http fetch GET 200 https://registry.npmjs.org/color-name 68ms (cache miss)
128 silly packumentCache full:https://registry.npmjs.org/color-name set size:undefined disposed:false
129 silly placeDep ROOT color-name@1.1.4 OK for: color-convert@2.0.1 want: ~1.1.4
130 silly reify moves {}
131 silly audit bulk request {
131 silly audit   localtunnel: [ '2.0.2' ],
131 silly audit   axios: [ '0.21.4' ],
131 silly audit   debug: [ '4.3.2' ],
131 silly audit   openurl: [ '1.1.1' ],
131 silly audit   yargs: [ '17.1.1' ],
131 silly audit   'follow-redirects': [ '1.16.0' ],
131 silly audit   ms: [ '2.1.2' ],
131 silly audit   cliui: [ '7.0.4' ],
131 silly audit   escalade: [ '3.2.0' ],
131 silly audit   'get-caller-file': [ '2.0.5' ],
131 silly audit   'require-directory': [ '2.1.1' ],
131 silly audit   'string-width': [ '4.2.3' ],
131 silly audit   y18n: [ '5.0.8' ],
131 silly audit   'yargs-parser': [ '20.2.9' ],
131 silly audit   'strip-ansi': [ '6.0.1' ],
131 silly audit   'wrap-ansi': [ '7.0.0' ],
131 silly audit   'emoji-regex': [ '8.0.0' ],
131 silly audit   'is-fullwidth-code-point': [ '3.0.0' ],
131 silly audit   'ansi-regex': [ '5.0.1' ],
131 silly audit   'ansi-styles': [ '4.3.0' ],
131 silly audit   'color-convert': [ '2.0.1' ],
131 silly audit   'color-name': [ '1.1.4' ]
131 silly audit }
132 http cache color-name@https://registry.npmjs.org/color-name/-/color-name-1.1.4.tgz 0ms (cache hit)
133 http cache color-convert@https://registry.npmjs.org/color-convert/-/color-convert-2.0.1.tgz 0ms (cache hit)
134 http cache is-fullwidth-code-point@https://registry.npmjs.org/is-fullwidth-code-point/-/is-fullwidth-code-point-3.0.0.tgz 0ms (cache hit)
135 http cache emoji-regex@https://registry.npmjs.org/emoji-regex/-/emoji-regex-8.0.0.tgz 0ms (cache hit)
136 http cache wrap-ansi@https://registry.npmjs.org/wrap-ansi/-/wrap-ansi-7.0.0.tgz 0ms (cache hit)
137 http cache strip-ansi@https://registry.npmjs.org/strip-ansi/-/strip-ansi-6.0.1.tgz 0ms (cache hit)
138 http cache yargs-parser@https://registry.npmjs.org/yargs-parser/-/yargs-parser-20.2.9.tgz 0ms (cache hit)
139 http cache y18n@https://registry.npmjs.org/y18n/-/y18n-5.0.8.tgz 0ms (cache hit)
140 http cache string-width@https://registry.npmjs.org/string-width/-/string-width-4.2.3.tgz 0ms (cache hit)
141 http cache get-caller-file@https://registry.npmjs.org/get-caller-file/-/get-caller-file-2.0.5.tgz 0ms (cache hit)
142 http cache escalade@https://registry.npmjs.org/escalade/-/escalade-3.2.0.tgz 0ms (cache hit)
143 http cache require-directory@https://registry.npmjs.org/require-directory/-/require-directory-2.1.1.tgz 0ms (cache hit)
144 http cache cliui@https://registry.npmjs.org/cliui/-/cliui-7.0.4.tgz 0ms (cache hit)
145 http cache ms@https://registry.npmjs.org/ms/-/ms-2.1.2.tgz 0ms (cache hit)
146 http cache follow-redirects@https://registry.npmjs.org/follow-redirects/-/follow-redirects-1.16.0.tgz 0ms (cache hit)
147 http cache yargs@https://registry.npmjs.org/yargs/-/yargs-17.1.1.tgz 0ms (cache hit)
148 http cache openurl@https://registry.npmjs.org/openurl/-/openurl-1.1.1.tgz 0ms (cache hit)
149 http cache debug@https://registry.npmjs.org/debug/-/debug-4.3.2.tgz 0ms (cache hit)
150 http cache axios@https://registry.npmjs.org/axios/-/axios-0.21.4.tgz 0ms (cache hit)
151 http cache localtunnel@https://registry.npmjs.org/localtunnel/-/localtunnel-2.0.2.tgz 0ms (cache hit)
152 http cache ansi-regex@https://registry.npmjs.org/ansi-regex/-/ansi-regex-5.0.1.tgz 0ms (cache hit)
153 http cache ansi-styles@https://registry.npmjs.org/ansi-styles/-/ansi-styles-4.3.0.tgz 0ms (cache hit)
154 silly tarball no local data for color-name@https://registry.npmjs.org/color-name/-/color-name-1.1.4.tgz. Extracting by manifest.
155 silly tarball no local data for is-fullwidth-code-point@https://registry.npmjs.org/is-fullwidth-code-point/-/is-fullwidth-code-point-3.0.0.tgz. Extracting by manifest.
156 silly tarball no local data for wrap-ansi@https://registry.npmjs.org/wrap-ansi/-/wrap-ansi-7.0.0.tgz. Extracting by manifest.
157 silly tarball no local data for strip-ansi@https://registry.npmjs.org/strip-ansi/-/strip-ansi-6.0.1.tgz. Extracting by manifest.
158 silly tarball no local data for yargs-parser@https://registry.npmjs.org/yargs-parser/-/yargs-parser-20.2.9.tgz. Extracting by manifest.
159 silly tarball no local data for y18n@https://registry.npmjs.org/y18n/-/y18n-5.0.8.tgz. Extracting by manifest.
160 silly tarball no local data for string-width@https://registry.npmjs.org/string-width/-/string-width-4.2.3.tgz. Extracting by manifest.
161 silly tarball no local data for get-caller-file@https://registry.npmjs.org/get-caller-file/-/get-caller-file-2.0.5.tgz. Extracting by manifest.
162 silly tarball no local data for color-convert@https://registry.npmjs.org/color-convert/-/color-convert-2.0.1.tgz. Extracting by manifest.
163 silly tarball no local data for require-directory@https://registry.npmjs.org/require-directory/-/require-directory-2.1.1.tgz. Extracting by manifest.
164 silly tarball no local data for cliui@https://registry.npmjs.org/cliui/-/cliui-7.0.4.tgz. Extracting by manifest.
165 silly tarball no local data for emoji-regex@https://registry.npmjs.org/emoji-regex/-/emoji-regex-8.0.0.tgz. Extracting by manifest.
166 silly tarball no local data for follow-redirects@https://registry.npmjs.org/follow-redirects/-/follow-redirects-1.16.0.tgz. Extracting by manifest.
167 silly tarball no local data for yargs@https://registry.npmjs.org/yargs/-/yargs-17.1.1.tgz. Extracting by manifest.
168 silly tarball no local data for debug@https://registry.npmjs.org/debug/-/debug-4.3.2.tgz. Extracting by manifest.
169 silly tarball no local data for axios@https://registry.npmjs.org/axios/-/axios-0.21.4.tgz. Extracting by manifest.
170 silly tarball no local data for localtunnel@https://registry.npmjs.org/localtunnel/-/localtunnel-2.0.2.tgz. Extracting by manifest.
171 silly tarball no local data for ansi-regex@https://registry.npmjs.org/ansi-regex/-/ansi-regex-5.0.1.tgz. Extracting by manifest.
172 silly tarball no local data for ansi-styles@https://registry.npmjs.org/ansi-styles/-/ansi-styles-4.3.0.tgz. Extracting by manifest.
173 silly tarball no local data for openurl@https://registry.npmjs.org/openurl/-/openurl-1.1.1.tgz. Extracting by manifest.
174 http fetch POST 200 https://registry.npmjs.org/-/npm/v1/security/advisories/bulk 309ms
175 silly audit report {
175 silly audit report   axios: [
175 silly audit report     {
175 silly audit report       id: 1111034,
175 silly audit report       url: 'https://github.com/advisories/GHSA-jr5f-v2jv-69x6',
175 silly audit report       title: 'axios Requests Vulnerable To Possible SSRF and Credential Leakage via Absolute URL',
175 silly audit report       severity: 'high',
175 silly audit report       vulnerable_versions: '<0.30.0',
175 silly audit report       cwe: [Array],
175 silly audit report       cvss: [Object]
175 silly audit report     },
175 silly audit report     {
175 silly audit report       id: 1119403,
175 silly audit report       url: 'https://github.com/advisories/GHSA-fvcv-3m26-pcqx',
175 silly audit report       title: 'Axios has Unrestricted Cloud Metadata Exfiltration via Header Injection Chain',
175 silly audit report       severity: 'moderate',
175 silly audit report       vulnerable_versions: '<0.31.0',
175 silly audit report       cwe: [Array],
175 silly audit report       cvss: [Object]
175 silly audit report     },
175 silly audit report     {
175 silly audit report       id: 1120124,
175 silly audit report       url: 'https://github.com/advisories/GHSA-62hf-57xw-28j9',
175 silly audit report       title: 'Axios: unbounded recursion in toFormData causes DoS via deeply nested request data',
175 silly audit report       severity: 'moderate',
175 silly audit report       vulnerable_versions: '<=0.31.0',
175 silly audit report       cwe: [Array],
175 silly audit report       cvss: [Object]
175 silly audit report     },
175 silly audit report     {
175 silly audit report       id: 1120546,
175 silly audit report       url: 'https://github.com/advisories/GHSA-hfxv-24rg-xrqf',
175 silly audit report       title: 'Axios: Regular Expression Denial of Service (ReDoS) via Cookie Name Injection',
175 silly audit report       severity: 'high',
175 silly audit report       vulnerable_versions: '<=0.31.1',
175 silly audit report       cwe: [Array],
175 silly audit report       cvss: [Object]
175 silly audit report     },
175 silly audit report     {
175 silly audit report       id: 1120644,
175 silly audit report       url: 'https://github.com/advisories/GHSA-p92q-9vqr-4j8v',
175 silly audit report       title: 'Axios: Proxy-Authorization Credential Leak to Origin Server Across HTTP-to-HTTPS Redirect in Axios Node.js HTTP Adapter',
175 silly audit report       severity: 'high',
175 silly audit report       vulnerable_versions: '<=0.31.1',
175 silly audit report       cwe: [Array],
175 silly audit report       cvss: [Object]
175 silly audit report     },
175 silly audit report     {
175 silly audit report       id: 1120646,
175 silly audit report       url: 'https://github.com/advisories/GHSA-j5f8-grm9-p9fc',
175 silly audit report       title: 'Axios: Proxy-Authorization header leaks to redirect target when proxy is re-evaluated to direct connection',
175 silly audit report       severity: 'high',
175 silly audit report       vulnerable_versions: '<=0.31.1',
175 silly audit report       cwe: [Array],
175 silly audit report       cvss: [Object]
175 silly audit report     },
175 silly audit report     {
175 silly audit report       id: 1120648,
175 silly audit report       url: 'https://github.com/advisories/GHSA-3g43-6gmg-66jw',
175 silly audit report       title: 'axios Vulnerable to Credential Theft and Response Hijacking via Prototype Pollution Gadget in Config Merge',
175 silly audit report       severity: 'high',
175 silly audit report       vulnerable_versions: '>=0.19.0 <0.31.1',
175 silly audit report       cwe: [Array],
175 silly audit report       cvss: [Object]
175 silly audit report     },
175 silly audit report     {
175 silly audit report       id: 1120651,
175 silly audit report       url: 'https://github.com/advisories/GHSA-898c-q2cr-xwhg',
175 silly audit report       title: 'axios has DoS & Header Injection via Prototype Pollution Read-Side Gadgets in axios merge functions',
175 silly audit report       severity: 'moderate',
175 silly audit report       vulnerable_versions: '<=0.31.1',
175 silly audit report       cwe: [Array],
175 silly audit report       cvss: [Object]
175 silly audit report     },
175 silly audit report     {
175 silly audit report       id: 1116672,
175 silly audit report       url: 'https://github.com/advisories/GHSA-3p68-rc4w-qgx5',
175 silly audit report       title: 'Axios has a NO_PROXY Hostname Normalization Bypass that Leads to SSRF',
175 silly audit report       severity: 'moderate',
175 silly audit report       vulnerable_versions: '<0.31.0',
175 silly audit report       cwe: [Array],
175 silly audit report       cvss: [Object]
175 silly audit report     },
175 silly audit report     {
175 silly audit report       id: 1117573,
175 silly audit report       url: 'https://github.com/advisories/GHSA-w9j2-pvgh-6h63',
175 silly audit report       title: 'Axios: Authentication Bypass via Prototype Pollution Gadget in `validateStatus` Merge Strategy',
175 silly audit report       severity: 'moderate',
175 silly audit report       vulnerable_versions: '<=0.31.0',
175 silly audit report       cwe: [Array],
175 silly audit report       cvss: [Object]
175 silly audit report     },
175 silly audit report     {
175 silly audit report       id: 1117575,
175 silly audit report       url: 'https://github.com/advisories/GHSA-pmwg-cvhr-8vh7',
175 silly audit report       title: 'Axios: Incomplete Fix for CVE-2025-62718 — NO_PROXY Protection Bypassed via RFC 1122 Loopback Subnet (127.0.0.0/8) in Axios 1.15.0',
175 silly audit report       severity: 'high',
175 silly audit report       vulnerable_versions: '<=0.31.0',
175 silly audit report       cwe: [Array],
175 silly audit report       cvss: [Object]
175 silly audit report     },
175 silly audit report     {
175 silly audit report       id: 1117579,
175 silly audit report       url: 'https://github.com/advisories/GHSA-xhjh-pmcv-23jw',
175 silly audit report       title: 'Axios: Null Byte Injection via Reverse-Encoding in AxiosURLSearchParams',
175 silly audit report       severity: 'low',
175 silly audit report       vulnerable_versions: '<=0.31.0',
175 silly audit report       cwe: [Array],
175 silly audit report       cvss: [Object]
175 silly audit report     },
175 silly audit report     {
175 silly audit report       id: 1117582,
175 silly audit report       url: 'https://github.com/advisories/GHSA-m7pr-hjqh-92cm',
175 silly audit report       title: 'Axios: no_proxy bypass via IP alias allows SSRF',
175 silly audit report       severity: 'moderate',
175 silly audit report       vulnerable_versions: '<=0.31.0',
175 silly audit report       cwe: [Array],
175 silly audit report       cvss: [Object]
175 silly audit report     },
175 silly audit report     {
175 silly audit report       id: 1117586,
175 silly audit report       url: 'https://github.com/advisories/GHSA-5c9x-8gcm-mpgx',
175 silly audit report       title: "Axios' HTTP adapter-streamed uploads bypass maxBodyLength when maxRedirects: 0",
175 silly audit report       severity: 'moderate',
175 silly audit report       vulnerable_versions: '<=0.31.0',
175 silly audit report       cwe: [Array],
175 silly audit report       cvss: [Object]
175 silly audit report     },
175 silly audit report     {
175 silly audit report       id: 1117588,
175 silly audit report       url: 'https://github.com/advisories/GHSA-vf2m-468p-8v99',
175 silly audit report       title: 'Axios: HTTP adapter streamed responses bypass maxContentLength',
175 silly audit report       severity: 'moderate',
175 silly audit report       vulnerable_versions: '<=0.31.0',
175 silly audit report       cwe: [Array],
175 silly audit report       cvss: [Object]
175 silly audit report     },
175 silly audit report     {
175 silly audit report       id: 1117590,
175 silly audit report       url: 'https://github.com/advisories/GHSA-pf86-5x62-jrwf',
175 silly audit report       title: 'Axios: Prototype Pollution Gadgets - Response Tampering, Data Exfiltration, and Request Hijacking',
175 silly audit report       severity: 'high',
175 silly audit report       vulnerable_versions: '<=0.31.0',
175 silly audit report       cwe: [Array],
175 silly audit report       cvss: [Object]
175 silly audit report     },
175 silly audit report     {
175 silly audit report       id: 1117592,
175 silly audit report       url: 'https://github.com/advisories/GHSA-6chq-wfr3-2hj9',
175 silly audit report       title: 'Axios: Header Injection via Prototype Pollution',
175 silly audit report       severity: 'high',
175 silly audit report       vulnerable_versions: '<=0.31.0',
175 silly audit report       cwe: [Array],
175 silly audit report       cvss: [Object]
175 silly audit report     },
175 silly audit report     {
175 silly audit report       id: 1117594,
175 silly audit report       url: 'https://github.com/advisories/GHSA-xx6v-rp6x-q39c',
175 silly audit report       title: 'Axios: XSRF Token Cross-Origin Leakage via Prototype Pollution Gadget in `withXSRFToken` Boolean Coercion',
175 silly audit report       severity: 'moderate',
175 silly audit report       vulnerable_versions: '<=0.31.0',
175 silly audit report       cwe: [Array],
175 silly audit report       cvss: [Object]
175 silly audit report     },
175 silly audit report     {
175 silly audit report       id: 1117857,
175 silly audit report       url: 'https://github.com/advisories/GHSA-43fc-jf86-j433',
175 silly audit report       title: 'Axios is Vulnerable to Denial of Service via __proto__ Key in mergeConfig',
175 silly audit report       severity: 'high',
175 silly audit report       vulnerable_versions: '<=0.30.2',
175 silly audit report       cwe: [Array],
175 silly audit report       cvss: [Object]
175 silly audit report     },
175 silly audit report     {
175 silly audit report       id: 1123825,
175 silly audit report       url: 'https://github.com/advisories/GHSA-pjwm-pj3p-43mv',
175 silly audit report       title: "axios's shouldBypassProxy does not recognize IPv4-mapped IPv6 addresses, allowing NO_PROXY bypass (incomplete fix for CVE-2025-62718)",
175 silly audit report       severity: 'high',
175 silly audit report       vulnerable_versions: '<=0.31.1',
175 silly audit report       cwe: [Array],
175 silly audit report       cvss: [Object]
175 silly audit report     },
175 silly audit report     {
175 silly audit report       id: 1123958,
175 silly audit report       url: 'https://github.com/advisories/GHSA-mmx7-hfxf-jppx',
175 silly audit report       title: 'Axios: Prototype pollution gadgets can alter axios request construction',
175 silly audit report       severity: 'moderate',
175 silly audit report       vulnerable_versions: '<0.33.0',
175 silly audit report       cwe: [Array],
175 silly audit report       cvss: [Object]
175 silly audit report     },
175 silly audit report     {
175 silly audit report       id: 1123972,
175 silly audit report       url: 'https://github.com/advisories/GHSA-7q8q-rj6j-mhjq',
175 silly audit report       title: 'Axios: Nested axios option objects can consume polluted prototype values',
175 silly audit report       severity: 'moderate',
175 silly audit report       vulnerable_versions: '>=0.8.0 <0.33.0',
175 silly audit report       cwe: [Array],
175 silly audit report       cvss: [Object]
175 silly audit report     },
175 silly audit report     {
175 silly audit report       id: 1097679,
175 silly audit report       url: 'https://github.com/advisories/GHSA-wf5p-g6vw-rhxx',
175 silly audit report       title: 'Axios Cross-Site Request Forgery Vulnerability',
175 silly audit report       severity: 'moderate',
175 silly audit report       vulnerable_versions: '>=0.8.1 <0.28.0',
175 silly audit report       cwe: [Array],
175 silly audit report       cvss: [Object]
175 silly audit report     }
175 silly audit report   ]
175 silly audit report }
176 silly packumentCache corgi:https://registry.npmjs.org/axios cache-miss
177 http fetch GET 200 https://registry.npmjs.org/color-name/-/color-name-1.1.4.tgz 375ms (cache miss)
178 http fetch GET 200 https://registry.npmjs.org/strip-ansi/-/strip-ansi-6.0.1.tgz 373ms (cache miss)
179 http fetch GET 200 https://registry.npmjs.org/is-fullwidth-code-point/-/is-fullwidth-code-point-3.0.0.tgz 387ms (cache miss)
180 http fetch GET 200 https://registry.npmjs.org/wrap-ansi/-/wrap-ansi-7.0.0.tgz 400ms (cache miss)
181 http fetch GET 200 https://registry.npmjs.org/openurl/-/openurl-1.1.1.tgz 384ms (cache miss)
182 http fetch GET 200 https://registry.npmjs.org/debug/-/debug-4.3.2.tgz 396ms (cache miss)
183 http fetch GET 200 https://registry.npmjs.org/ansi-regex/-/ansi-regex-5.0.1.tgz 400ms (cache miss)
184 http fetch GET 200 https://registry.npmjs.org/localtunnel/-/localtunnel-2.0.2.tgz 412ms (cache miss)
185 http fetch GET 200 https://registry.npmjs.org/get-caller-file/-/get-caller-file-2.0.5.tgz 426ms (cache miss)
186 http fetch GET 200 https://registry.npmjs.org/ansi-styles/-/ansi-styles-4.3.0.tgz 420ms (cache miss)
187 http fetch GET 200 https://registry.npmjs.org/string-width/-/string-width-4.2.3.tgz 443ms (cache miss)
188 http fetch GET 200 https://registry.npmjs.org/emoji-regex/-/emoji-regex-8.0.0.tgz 440ms (cache miss)
189 http fetch GET 200 https://registry.npmjs.org/require-directory/-/require-directory-2.1.1.tgz 442ms (cache miss)
190 http fetch GET 200 https://registry.npmjs.org/color-convert/-/color-convert-2.0.1.tgz 452ms (cache miss)
191 http fetch GET 200 https://registry.npmjs.org/cliui/-/cliui-7.0.4.tgz 454ms (cache miss)
192 http fetch GET 200 https://registry.npmjs.org/y18n/-/y18n-5.0.8.tgz 464ms (cache miss)
193 http fetch GET 200 https://registry.npmjs.org/follow-redirects/-/follow-redirects-1.16.0.tgz 459ms (cache miss)
194 http fetch GET 200 https://registry.npmjs.org/yargs-parser/-/yargs-parser-20.2.9.tgz 482ms (cache miss)
195 http fetch GET 200 https://registry.npmjs.org/axios 220ms (cache miss)
196 silly packumentCache corgi:https://registry.npmjs.org/axios set size:undefined disposed:false
197 silly packumentCache corgi:https://registry.npmjs.org/localtunnel cache-miss
198 http cache https://registry.npmjs.org/localtunnel 23ms (cache hit)
199 silly packumentCache corgi:https://registry.npmjs.org/localtunnel set size:25176 disposed:false
200 http fetch GET 200 https://registry.npmjs.org/axios/-/axios-0.21.4.tgz 691ms (cache miss)
201 http fetch GET 200 https://registry.npmjs.org/yargs/-/yargs-17.1.1.tgz 713ms (cache miss)
202 verbose cwd /home
203 verbose os Linux 4.14.180-perf-g98d7380da210
204 verbose node v22.23.2
205 verbose npm  v10.9.1
206 verbose exit 0
207 info ok
